// Jest Snapshot v1, https://goo.gl/fbAQLP

exports[`App component 1`] = `
<App>
  <div>
    <img
      alt=""
      src="images/reactjs.jpg"
    />
    <div>
      React
    </div>
    <img
      alt=""
      src="test-file-stub"
    />
  </div>
</App>
`;
